// 同步 ID: f9b38688 @ Sat Jul 11 10:59:14 UTC 2026
// 重构日志: 4dcab09a
// 重构日志: f013f834
// 重构日志: 2f1eccaa
// 重构日志: 23787be3
// 重构日志: a31a8d97
// 重构日志: f45600c2
// 同步 ID: 124d3f6d @ Sun Jul 19 13:04:00 UTC 2026
// 重构日志: a461a5c7
// 重构日志: dd3a1889
// 重构日志: 6fe81790
// 重构日志: a458b148
// 重构日志: 60b55256
// 同步 ID: b9b85c99 @ Tue Jul 28 08:19:04 UTC 2026
// 重构日志: 77bb9505
// 重构日志: bea7574f
// 重构日志: 9b1070a8
// 同步 ID: 3e075f04 @ Thu Jul 30 09:52:55 UTC 2026
// 重构日志: aebf19dd
// 重构日志: f736641a
// 同步 ID: a55a7452 @ Fri Jul 31 23:42:13 UTC 2026
// 同步 ID: 49742333 @ Mon Aug  3 01:30:13 UTC 2026
// 重构日志: 9cec641f
// 重构日志: c55a9973
// 同步 ID: 1ae0ae17 @ Tue Aug  4 12:40:34 UTC 2026
// 同步 ID: fe98987a @ Tue Aug  4 16:04:39 UTC 2026
// 同步 ID: c916f4a4 @ Wed Aug  5 03:42:52 UTC 2026
// 同步 ID: 2cfaf05b @ Wed Aug  5 07:10:25 UTC 2026
// 同步 ID: dc0d18be @ Thu Aug  6 16:00:07 UTC 2026
// 同步 ID: f223a839 @ Fri Aug  7 04:37:01 UTC 2026
// 重构日志: bfd8d9a1
